// Jest Snapshot v1, https://goo.gl/fbAQLP

exports[`should match snapshot 1`] = `
<View
  collapsable={false}
  style={
    {
      "alignItems": "center",
      "backgroundColor": "#ff3b30",
      "borderRadius": 10,
      "flexDirection": "row",
      "height": 20,
      "justifyContent": "center",
      "minWidth": 20,
      "transform": [
        {
          "scale": 1,
        },
      ],
    }
  }
>
  <Text
    ellipsizeMode="clip"
    numberOfLines={1}
    style={
      [
        {
          "backgroundColor": "transparent",
          "color": "#fff",
          "fontFamily": "System",
          "fontSize": 12,
          "fontWeight": "400",
          "includeFontPadding": false,
          "marginHorizontal": 6,
          "textAlignVertical": "center",
        },
        undefined,
      ]
    }
  >
    12
  </Text>
</View>
`;
